DEBUG:root:24
DEBUG:root:1

DEBUG:root:Treated Patient:
Patient ID          5.000000
Propensity Score    0.156019
Treatment           1.000000
Name: 4, dtype: float64,
Matched Patient(s):
    Patient ID  Propensity Score  Treatment
5            6          0.155995          0
31          32          0.170524          0
66          67          0.140924          0

DEBUG:root:2

DEBUG:root:Treated Patient:
Patient ID          13.000000
Propensity Score     0.832443
Treatment            1.000000
Name: 12, dtype: float64,
Matched Patient(s):
    Patient ID  Propensity Score  Treatment
62        63.0          0.828738        0.0
73        74.0          0.815461        0.0

DEBUG:root:3

DEBUG:root:Treated Patient:
Patient ID          14.000000
Propensity Score     0.212339
Treatment            1.000000
Name: 13, dtype: float64,
Matched Patient(s):
    Patient ID  Propensity Score  Treatment
71        72.0          0.198716        0.0
57        58.0          0.195983        0.0

DEBUG:root:4

DEBUG:root:Treated Patient:
Patient ID          16.000000
Propensity Score     0.183405
Treatment            1.000000
Name: 15, dtype: float64,
Matched Patient(s):
    Patient ID  Propensity Score  Treatment
49        50.0          0.184854        0.0
14        15.0          0.181825        0.0

DEBUG:root:5

DEBUG:root:Treated Patient:
Patient ID          17.000000
Propensity Score     0.304242
Treatment            1.000000
Name: 16, dtype: float64,
Matched Patient(s):
    Patient ID  Propensity Score  Treatment
36        37.0          0.304614        0.0
84        85.0          0.310982        0.0
46        47.0          0.311711        0.0
22        23.0          0.292145        0.0
19        20.0          0.291229        0.0

DEBUG:root:6

DEBUG:root:Treated Patient:
Patient ID          19.000000
Propensity Score     0.431945
Treatment            1.000000
Name: 18, dtype: float64,
Matched Patient(s):
Empty DataFrame
Columns: [Patient ID, Propensity Score, Treatment]
Index: []

DEBUG:root:7

DEBUG:root:Treated Patient:
Patient ID          21.000000
Propensity Score     0.611853
Treatment            1.000000
Name: 20, dtype: float64,
Matched Patient(s):
    Patient ID  Propensity Score  Treatment
30        31.0          0.607545        0.0
8          9.0          0.601115        0.0
81        82.0          0.623298        0.0
3          4.0          0.598658        0.0
28        29.0          0.592415        0.0

DEBUG:root:8

DEBUG:root:Treated Patient:
Patient ID          22.000000
Propensity Score     0.139494
Treatment            1.000000
Name: 21, dtype: float64,
Matched Patient(s):
    Patient ID  Propensity Score  Treatment
90        91.0          0.119594        0.0

DEBUG:root:9

DEBUG:root:Treated Patient:
Patient ID          27.000000
Propensity Score     0.199674
Treatment            1.000000
Name: 26, dtype: float64,
Matched Patient(s):
Empty DataFrame
Columns: [Patient ID, Propensity Score, Treatment]
Index: []

DEBUG:root:10

DEBUG:root:Treated Patient:
Patient ID          28.000000
Propensity Score     0.514234
Treatment            1.000000
Name: 27, dtype: float64,
Matched Patient(s):
    Patient ID  Propensity Score  Treatment
47        48.0          0.520068        0.0
96        97.0          0.522733        0.0
17        18.0          0.524756        0.0
41        42.0          0.495177        0.0

DEBUG:root:11

DEBUG:root:Treated Patient:
Patient ID          35.000000
Propensity Score     0.965632
Treatment            1.000000
Name: 34, dtype: float64,
Matched Patient(s):
    Patient ID  Propensity Score  Treatment
11        12.0          0.969910        0.0
1          2.0          0.950714        0.0
33        34.0          0.948886        0.0

DEBUG:root:12

DEBUG:root:Treated Patient:
Patient ID          40.000000
Propensity Score     0.440152
Treatment            1.000000
Name: 39, dtype: float64,
Matched Patient(s):
    Patient ID  Propensity Score  Treatment
24        25.0           0.45607        0.0

DEBUG:root:13

DEBUG:root:Treated Patient:
Patient ID          41.000000
Propensity Score     0.122038
Treatment            1.000000
Name: 40, dtype: float64,
Matched Patient(s):
    Patient ID  Propensity Score  Treatment
79        80.0          0.115869        0.0
99       100.0          0.107891        0.0

DEBUG:root:14

DEBUG:root:Treated Patient:
Patient ID          51.000000
Propensity Score     0.969585
Treatment            1.000000
Name: 50, dtype: float64,
Matched Patient(s):
    Patient ID  Propensity Score  Treatment
69        70.0          0.986887        0.0

DEBUG:root:15

DEBUG:root:Treated Patient:
Patient ID          55.0000
Propensity Score     0.5979
Treatment            1.0000
Name: 54, dtype: float64,
Matched Patient(s):
Empty DataFrame
Columns: [Patient ID, Propensity Score, Treatment]
Index: []

DEBUG:root:16

DEBUG:root:Treated Patient:
Patient ID          66.000000
Propensity Score     0.542696
Treatment            1.000000
Name: 65, dtype: float64,
Matched Patient(s):
    Patient ID  Propensity Score  Treatment
48        49.0          0.546710        0.0
93        94.0          0.561277        0.0

DEBUG:root:17

DEBUG:root:Treated Patient:
Patient ID          79.000000
Propensity Score     0.358466
Treatment            1.000000
Name: 78, dtype: float64,
Matched Patient(s):
    Patient ID  Propensity Score  Treatment
63        64.0          0.356753        0.0
23        24.0          0.366362        0.0
0          1.0          0.374540        0.0

DEBUG:root:18

DEBUG:root:Treated Patient:
Patient ID          83.000000
Propensity Score     0.330898
Treatment            1.000000
Name: 82, dtype: float64,
Matched Patient(s):
    Patient ID  Propensity Score  Treatment
59        60.0          0.325330        0.0
85        86.0          0.325183        0.0

DEBUG:root:19

DEBUG:root:Treated Patient:
Patient ID          84.000000
Propensity Score     0.063558
Treatment            1.000000
Name: 83, dtype: float64,
Matched Patient(s):
    Patient ID  Propensity Score  Treatment
32        33.0          0.065052        0.0
6          7.0          0.058084        0.0
77        78.0          0.074045        0.0
68        69.0          0.074551        0.0
29        30.0          0.046450        0.0
58        59.0          0.045227        0.0

DEBUG:root:20

DEBUG:root:Treated Patient:
Patient ID          87.000000
Propensity Score     0.729606
Treatment            1.000000
Name: 86, dtype: float64,
Matched Patient(s):
    Patient ID  Propensity Score  Treatment
75        76.0          0.729007        0.0
2          3.0          0.731994        0.0

DEBUG:root:21

DEBUG:root:Treated Patient:
Patient ID          92.000000
Propensity Score     0.713245
Treatment            1.000000
Name: 91, dtype: float64,
Matched Patient(s):
    Patient ID  Propensity Score  Treatment
9         10.0          0.708073        0.0
74        75.0          0.706857        0.0

DEBUG:root:22

DEBUG:root:Treated Patient:
Patient ID          93.000000
Propensity Score     0.760785
Treatment            1.000000
Name: 92, dtype: float64,
Matched Patient(s):
    Patient ID  Propensity Score  Treatment
94        95.0          0.770967        0.0
76        77.0          0.771270        0.0
70        71.0          0.772245        0.0
51        52.0          0.775133        0.0

DEBUG:root:23

DEBUG:root:Treated Patient:
Patient ID          98.000000
Propensity Score     0.427541
Treatment            1.000000
Name: 97, dtype: float64,
Matched Patient(s):
Empty DataFrame
Columns: [Patient ID, Propensity Score, Treatment]
Index: []

DEBUG:root:24

DEBUG:root:Treated Patient:
Patient ID          99.000000
Propensity Score     0.025419
Treatment            1.000000
Name: 98, dtype: float64,
Matched Patient(s):
    Patient ID  Propensity Score  Treatment
10        11.0          0.020584        0.0
42        43.0          0.034389        0.0
72        73.0          0.005522        0.0

DEBUG:root:[0.15601864044243652]
DEBUG:root:[0.8324426408004217]
DEBUG:root:[0.21233911067827616]
DEBUG:root:[0.18340450985343382]
DEBUG:root:[0.3042422429595377]
DEBUG:root:[0.43194501864211576]
DEBUG:root:[0.6118528947223795]
DEBUG:root:[0.13949386065204183]
DEBUG:root:[0.19967378215835974]
DEBUG:root:[0.5142344384136116]
DEBUG:root:[0.9656320330745594]
DEBUG:root:[0.4401524937396013]
DEBUG:root:[0.12203823484477883]
DEBUG:root:[0.9695846277645586]
DEBUG:root:[0.5978999788110851]
DEBUG:root:[0.5426960831582485]
DEBUG:root:[0.3584657285442726]
DEBUG:root:[0.3308980248526492]
DEBUG:root:[0.06355835028602363]
DEBUG:root:[0.7296061783380641]
DEBUG:root:[0.713244787222995]
DEBUG:root:[0.7607850486168974]
DEBUG:root:[0.42754101835854963]
DEBUG:Main:======Start======
DEBUG:NNM2:======Start======
DEBUG:root:[0.15601864044243652]
DEBUG:root:[0.8324426408004217]
DEBUG:root:[0.21233911067827616]
DEBUG:root:[0.18340450985343382]
DEBUG:root:[0.3042422429595377]
DEBUG:root:[0.43194501864211576]
DEBUG:root:[0.6118528947223795]
DEBUG:root:[0.13949386065204183]
DEBUG:root:[0.19967378215835974]
DEBUG:root:[0.5142344384136116]
DEBUG:root:[0.9656320330745594]
DEBUG:root:[0.4401524937396013]
DEBUG:root:[0.12203823484477883]
DEBUG:root:[0.9695846277645586]
DEBUG:root:[0.5978999788110851]
DEBUG:root:[0.5426960831582485]
DEBUG:root:[0.3584657285442726]
DEBUG:root:[0.3308980248526492]
DEBUG:root:[0.06355835028602363]
DEBUG:root:[0.7296061783380641]
DEBUG:root:[0.713244787222995]
DEBUG:root:[0.7607850486168974]
DEBUG:root:[0.42754101835854963]
DEBUG:Main:======Start======
DEBUG:NNM2:======Start======
DEBUG:root:[0.15601864044243652]
DEBUG:root:[0.8324426408004217]
DEBUG:root:[0.21233911067827616]
DEBUG:root:[0.18340450985343382]
DEBUG:root:[0.3042422429595377]
DEBUG:root:[0.43194501864211576]
DEBUG:root:[0.6118528947223795]
DEBUG:root:[0.13949386065204183]
DEBUG:root:[0.19967378215835974]
DEBUG:root:[0.5142344384136116]
DEBUG:root:[0.9656320330745594]
DEBUG:root:[0.4401524937396013]
DEBUG:root:[0.12203823484477883]
DEBUG:root:[0.9695846277645586]
DEBUG:root:[0.5978999788110851]
DEBUG:root:[0.5426960831582485]
DEBUG:root:[0.3584657285442726]
DEBUG:root:[0.3308980248526492]
DEBUG:root:[0.06355835028602363]
DEBUG:root:[0.7296061783380641]
DEBUG:root:[0.713244787222995]
DEBUG:root:[0.7607850486168974]
DEBUG:root:[0.42754101835854963]
DEBUG:root:[0.02541912674409519]
DEBUG:root:24
DEBUG:root:1

DEBUG:root:Treated Patient:
Patient ID          5.000000
Propensity Score    0.156019
Treatment           1.000000
Name: 4, dtype: float64,
Matched Patient(s):
    Patient ID  Propensity Score  Treatment
5            6          0.155995          0
31          32          0.170524          0
66          67          0.140924          0

DEBUG:root:2

DEBUG:root:Treated Patient:
Patient ID          13.000000
Propensity Score     0.832443
Treatment            1.000000
Name: 12, dtype: float64,
Matched Patient(s):
    Patient ID  Propensity Score  Treatment
62        63.0          0.828738        0.0
73        74.0          0.815461        0.0

DEBUG:root:3

DEBUG:root:Treated Patient:
Patient ID          14.000000
Propensity Score     0.212339
Treatment            1.000000
Name: 13, dtype: float64,
Matched Patient(s):
    Patient ID  Propensity Score  Treatment
71        72.0          0.198716        0.0
57        58.0          0.195983        0.0

DEBUG:root:4

DEBUG:root:Treated Patient:
Patient ID          16.000000
Propensity Score     0.183405
Treatment            1.000000
Name: 15, dtype: float64,
Matched Patient(s):
    Patient ID  Propensity Score  Treatment
49        50.0          0.184854        0.0
14        15.0          0.181825        0.0

DEBUG:root:5

DEBUG:root:Treated Patient:
Patient ID          17.000000
Propensity Score     0.304242
Treatment            1.000000
Name: 16, dtype: float64,
Matched Patient(s):
    Patient ID  Propensity Score  Treatment
36        37.0          0.304614        0.0
84        85.0          0.310982        0.0
46        47.0          0.311711        0.0
22        23.0          0.292145        0.0
19        20.0          0.291229        0.0

DEBUG:root:6

DEBUG:root:Treated Patient:
Patient ID          19.000000
Propensity Score     0.431945
Treatment            1.000000
Name: 18, dtype: float64,
Matched Patient(s):
Empty DataFrame
Columns: [Patient ID, Propensity Score, Treatment]
Index: []

DEBUG:root:7

DEBUG:root:Treated Patient:
Patient ID          21.000000
Propensity Score     0.611853
Treatment            1.000000
Name: 20, dtype: float64,
Matched Patient(s):
    Patient ID  Propensity Score  Treatment
30        31.0          0.607545        0.0
8          9.0          0.601115        0.0
81        82.0          0.623298        0.0
3          4.0          0.598658        0.0
28        29.0          0.592415        0.0

DEBUG:root:8

DEBUG:root:Treated Patient:
Patient ID          22.000000
Propensity Score     0.139494
Treatment            1.000000
Name: 21, dtype: float64,
Matched Patient(s):
    Patient ID  Propensity Score  Treatment
90        91.0          0.119594        0.0

DEBUG:root:9

DEBUG:root:Treated Patient:
Patient ID          27.000000
Propensity Score     0.199674
Treatment            1.000000
Name: 26, dtype: float64,
Matched Patient(s):
Empty DataFrame
Columns: [Patient ID, Propensity Score, Treatment]
Index: []

DEBUG:root:10

DEBUG:root:Treated Patient:
Patient ID          28.000000
Propensity Score     0.514234
Treatment            1.000000
Name: 27, dtype: float64,
Matched Patient(s):
    Patient ID  Propensity Score  Treatment
47        48.0          0.520068        0.0
96        97.0          0.522733        0.0
17        18.0          0.524756        0.0
41        42.0          0.495177        0.0

DEBUG:root:11

DEBUG:root:Treated Patient:
Patient ID          35.000000
Propensity Score     0.965632
Treatment            1.000000
Name: 34, dtype: float64,
Matched Patient(s):
    Patient ID  Propensity Score  Treatment
11        12.0          0.969910        0.0
1          2.0          0.950714        0.0
33        34.0          0.948886        0.0

DEBUG:root:12

DEBUG:root:Treated Patient:
Patient ID          40.000000
Propensity Score     0.440152
Treatment            1.000000
Name: 39, dtype: float64,
Matched Patient(s):
    Patient ID  Propensity Score  Treatment
24        25.0           0.45607        0.0

DEBUG:root:13

DEBUG:root:Treated Patient:
Patient ID          41.000000
Propensity Score     0.122038
Treatment            1.000000
Name: 40, dtype: float64,
Matched Patient(s):
    Patient ID  Propensity Score  Treatment
79        80.0          0.115869        0.0
99       100.0          0.107891        0.0

DEBUG:root:14

DEBUG:root:Treated Patient:
Patient ID          51.000000
Propensity Score     0.969585
Treatment            1.000000
Name: 50, dtype: float64,
Matched Patient(s):
    Patient ID  Propensity Score  Treatment
69        70.0          0.986887        0.0

DEBUG:root:15

DEBUG:root:Treated Patient:
Patient ID          55.0000
Propensity Score     0.5979
Treatment            1.0000
Name: 54, dtype: float64,
Matched Patient(s):
Empty DataFrame
Columns: [Patient ID, Propensity Score, Treatment]
Index: []

DEBUG:root:16

DEBUG:root:Treated Patient:
Patient ID          66.000000
Propensity Score     0.542696
Treatment            1.000000
Name: 65, dtype: float64,
Matched Patient(s):
    Patient ID  Propensity Score  Treatment
48        49.0          0.546710        0.0
93        94.0          0.561277        0.0

DEBUG:root:17

DEBUG:root:Treated Patient:
Patient ID          79.000000
Propensity Score     0.358466
Treatment            1.000000
Name: 78, dtype: float64,
Matched Patient(s):
    Patient ID  Propensity Score  Treatment
63        64.0          0.356753        0.0
23        24.0          0.366362        0.0
0          1.0          0.374540        0.0

DEBUG:root:18

DEBUG:root:Treated Patient:
Patient ID          83.000000
Propensity Score     0.330898
Treatment            1.000000
Name: 82, dtype: float64,
Matched Patient(s):
    Patient ID  Propensity Score  Treatment
59        60.0          0.325330        0.0
85        86.0          0.325183        0.0

DEBUG:root:19

DEBUG:root:Treated Patient:
Patient ID          84.000000
Propensity Score     0.063558
Treatment            1.000000
Name: 83, dtype: float64,
Matched Patient(s):
    Patient ID  Propensity Score  Treatment
32        33.0          0.065052        0.0
6          7.0          0.058084        0.0
77        78.0          0.074045        0.0
68        69.0          0.074551        0.0
29        30.0          0.046450        0.0
58        59.0          0.045227        0.0

DEBUG:root:20

DEBUG:root:Treated Patient:
Patient ID          87.000000
Propensity Score     0.729606
Treatment            1.000000
Name: 86, dtype: float64,
Matched Patient(s):
    Patient ID  Propensity Score  Treatment
75        76.0          0.729007        0.0
2          3.0          0.731994        0.0

DEBUG:root:21

DEBUG:root:Treated Patient:
Patient ID          92.000000
Propensity Score     0.713245
Treatment            1.000000
Name: 91, dtype: float64,
Matched Patient(s):
    Patient ID  Propensity Score  Treatment
9         10.0          0.708073        0.0
74        75.0          0.706857        0.0

DEBUG:root:22

DEBUG:root:Treated Patient:
Patient ID          93.000000
Propensity Score     0.760785
Treatment            1.000000
Name: 92, dtype: float64,
Matched Patient(s):
    Patient ID  Propensity Score  Treatment
94        95.0          0.770967        0.0
76        77.0          0.771270        0.0
70        71.0          0.772245        0.0
51        52.0          0.775133        0.0

DEBUG:root:23

DEBUG:root:Treated Patient:
Patient ID          98.000000
Propensity Score     0.427541
Treatment            1.000000
Name: 97, dtype: float64,
Matched Patient(s):
Empty DataFrame
Columns: [Patient ID, Propensity Score, Treatment]
Index: []

DEBUG:root:24

DEBUG:root:Treated Patient:
Patient ID          99.000000
Propensity Score     0.025419
Treatment            1.000000
Name: 98, dtype: float64,
Matched Patient(s):
    Patient ID  Propensity Score  Treatment
10        11.0          0.020584        0.0
42        43.0          0.034389        0.0
72        73.0          0.005522        0.0

